From B take North to C.
From C take East to G.
Trip length: 36
