From A take AE to E.
From E take East to C.
Trip length: 38
