From H take DH to D.
From D take North to Q.
Trip length: 12
