From E take East to C.
From C take North to B.
Trip length: 28
