From D take North to C.
From C take East to E.
From E take AE to A.
Trip length: 58
