From D take DH to H.
From H take East to G.
Trip length: 10
