From B take North to C.
From C take East to F.
Trip length: 28
