From A take AE to E.
From E take East to F.
Trip length: 46
