Enter the text you would like to spellcheck:
Use the end-of-input character (Ctrl-z in Windows, Ctrl-d
in Linux or MacOS) when done.
Found 3 misspelled words:
cin
Ctrl
Ctrl
