Semester 1
   math101 ()
**Memory leaks detected: 10
