Semester 1
   anth201 ()
   art222 ()
   bio101 ()
   chem287 ()
   cs109 ()
   econ241 ()
   eng101 ()
   eng215 ()
   eng319 ()
   fren103 ()
   geo101 ()
   ling101 ()
   math101 ()
   mgmt284 ()
   mus482 ()
   phil401 ()
   psci392 ()
   psyc314 ()
   soc101 ()
   span103 ()
**Memory leaks detected: 200
