Enter the text you would like to spellcheck:
Use the end-of-input character (Ctrl-z in Windows, Ctrl-d
in Linux or MacOS) when done.
Found 12 misspelled words:
Twas
brillig
slithy
toves
gyre
gimble
wabe
mimsy
borogoves
mome
raths
outgrabe
